// Jest Snapshot v1, https://goo.gl/fbAQLP

exports[`ReturnLoanComponent.vue renders correctly 1`] = `
<div>
  <v-card-stub loaderheight="4" tag="div" data-cy="returnCard">
    <v-card-title-stub>
      Scan your book barcode
    </v-card-title-stub>
    <v-card-text-stub>
      <v-form-stub>
        <v-btn-stub tag="button" activeclass="" type="button" data-jest="barcodeButton">
          <v-icon-stub arialabel="Läs av Streckkod" aria-label="Läs av Streckkod">
            mdi-barcode-scan
          </v-icon-stub>
        </v-btn-stub>
        <!---->
        <v-text-field-stub errorcount="1" errormessages="" messages="" rules="" successmessages="" value="" backgroundcolor="" label="Bokens Streckkod" loaderheight="2" clearicon="$clear" outlined="true" type="text" data-jest="bookBarcodeReturn" data-cy="bookBarcodeReturn"></v-text-field-stub>
        <v-text-field-stub errorcount="1" errormessages="" messages="" rules="" successmessages="" value="" backgroundcolor="" label="Bokens Status" loaderheight="2" clearicon="$clear" outlined="true" type="text" data-jest="bookCondition" data-cy="bookCondition"></v-text-field-stub>
        <v-card-actions-stub>
          <v-spacer-stub></v-spacer-stub>
          <v-btn-stub color="primary" tag="button" activeclass="" large="true" type="submit" data-cy="ReturnBook" data-jest="ReturnBook" class="mr-4">
            Return
          </v-btn-stub>
          <v-spacer-stub></v-spacer-stub>
        </v-card-actions-stub>
      </v-form-stub>
    </v-card-text-stub>
  </v-card-stub>
  <basemodal-stub header="" body="" actions="[object Object]"></basemodal-stub>
</div>
`;
