// Jest Snapshot v1, https://goo.gl/fbAQLP

exports[`AdminTitlesEditView.vue Displays the correct data in the form 1`] = `
<div>
  <h1 class="display-2">
    Böcker
  </h1>
  <div class="flex">
    <div style="margin-right: 50px;">
      <bookformcomponent-stub></bookformcomponent-stub>
    </div>
    <div>
      <booklistcomponent-stub></booklistcomponent-stub>
    </div>
  </div>
</div>
`;
