// Jest Snapshot v1, https://goo.gl/fbAQLP

exports[`AdminTitlesEditView.vue Displays the correct data in the form 1`] = `
<div>
  <h1 class="display-2">
    Titles
  </h1>
  <div>
    <form novalidate="novalidate" data-jest="form" class="v-form">
      <div class="v-item-group theme--light" vertical="" label-class="text-sm-right" label-for="nestedBid">
        <div class="v-input theme--light v-text-field v-text-field--enclosed v-text-field--outlined">
          <div class="v-input__control">
            <div class="v-input__slot">
              <fieldset aria-hidden="true">
                <legend style="width: 0px;"><span>​</span></legend>
              </fieldset>
              <div class="v-text-field__slot"><label for="nestedBid" class="v-label theme--light" style="left: 0px; position: absolute;">Namn</label><input data-jest="name" data-cy="name" id="nestedBid" type="text"></div>
            </div>
            <div class="v-text-field__details">
              <div class="v-messages theme--light"><span name="message-transition" tag="div" class="v-messages__wrapper"></span></div>
            </div>
          </div>
        </div>
      </div>
      <div class="v-item-group theme--light" vertical="" label-class="text-sm-right" label-for="nestedBid">
        <div class="v-input theme--light v-text-field v-text-field--enclosed v-text-field--outlined">
          <div class="v-input__control">
            <div class="v-input__slot">
              <fieldset aria-hidden="true">
                <legend style="width: 0px;"><span>​</span></legend>
              </fieldset>
              <div class="v-text-field__slot"><label for="nestedBid" class="v-label theme--light" style="left: 0px; position: absolute;">Kostnad</label><input data-jest="cost" data-cy="cost" id="nestedBid" type="text"></div>
            </div>
            <div class="v-text-field__details">
              <div class="v-messages theme--light"><span name="message-transition" tag="div" class="v-messages__wrapper"></span></div>
            </div>
          </div>
        </div>
      </div>
      <div class="v-item-group theme--light" vertical="" label-class="text-sm-right" label-for="nestedBid">
        <div class="v-input theme--light v-text-field v-text-field--enclosed v-text-field--outlined">
          <div class="v-input__control">
            <div class="v-input__slot">
              <fieldset aria-hidden="true">
                <legend style="width: 0px;"><span>​</span></legend>
              </fieldset>
              <div class="v-text-field__slot"><label for="nestedBid" class="v-label theme--light" style="left: 0px; position: absolute;">isbn</label><input data-jest="isbn" data-cy="isbn" id="nestedBid" type="text"></div>
            </div>
            <div class="v-text-field__details">
              <div class="v-messages theme--light"><span name="message-transition" tag="div" class="v-messages__wrapper"></span></div>
            </div>
          </div>
        </div>
      </div>
      <div class="v-input theme--light v-text-field v-text-field--enclosed v-text-field--outlined v-select">
        <div class="v-input__control">
          <div role="button" aria-haspopup="listbox" aria-expanded="false" aria-owns="list-21" class="v-input__slot">
            <fieldset aria-hidden="true">
              <legend style="width: 0px;"><span>​</span></legend>
            </fieldset>
            <div class="v-select__slot"><label for="input-21" class="v-label theme--light" style="left: 0px; position: absolute;">Välj typ av titel</label>
              <div class="v-select__selections"><input data-jest="titleType" data-cy="titleType" id="input-21" readonly="readonly" type="text" aria-readonly="false" autocomplete="off"></div>
              <div class="v-input__append-inner">
                <div class="v-input__icon v-input__icon--append"><i aria-hidden="true" class="v-icon notranslate mdi mdi-menu-down theme--light"></i></div>
              </div><input type="hidden">
            </div>
            <div class="v-menu">
              <!---->
            </div>
          </div>
          <div class="v-text-field__details">
            <div class="v-messages theme--light"><span name="message-transition" tag="div" class="v-messages__wrapper"></span></div>
          </div>
        </div>
      </div>
      <div class="v-input theme--light v-text-field v-text-field--enclosed v-text-field--outlined v-select">
        <div class="v-input__control">
          <div role="button" aria-haspopup="listbox" aria-expanded="false" aria-owns="list-26" class="v-input__slot">
            <fieldset aria-hidden="true">
              <legend style="width: 0px;"><span>​</span></legend>
            </fieldset>
            <div class="v-select__slot"><label for="input-26" class="v-label theme--light" style="left: 0px; position: absolute;">Välj ämne av titel</label>
              <div class="v-select__selections"><input data-jest="subjectId" data-cy="subjectId" id="input-26" readonly="readonly" type="text" aria-readonly="false" autocomplete="off"></div>
              <div class="v-input__append-inner">
                <div class="v-input__icon v-input__icon--append"><i aria-hidden="true" class="v-icon notranslate mdi mdi-menu-down theme--light"></i></div>
              </div><input type="hidden">
            </div>
            <div class="v-menu">
              <!---->
            </div>
          </div>
          <div class="v-text-field__details">
            <div class="v-messages theme--light"><span name="message-transition" tag="div" class="v-messages__wrapper"></span></div>
          </div>
        </div>
      </div> <button type="submit" class="mr-4 v-btn v-btn--flat theme--light v-size--large primary--text" data-cy="submit"><span class="v-btn__content">
    Uppdatera titel
  </span></button> <button type="reset" class="v-btn v-btn--flat theme--light v-size--large" data-cy="reset"><span class="v-btn__content">
    Rensa Fältet
  </span></button>
    </form>
  </div>
</div>
`;
